Mono path[0] = 'F:/Hollow Knight 1.5.68/Hollow Knight/hollow_knight_Data/Managed'
Mono config path = 'F:/Hollow Knight 1.5.68/Hollow Knight/MonoBleedingEdge/etc'
Initialize engine version: 2020.2.2f1 (068178b99f32)
[Subsystems] Discovering subsystems at path F:/Hollow Knight 1.5.68/Hollow Knight/hollow_knight_Data/UnitySubsystems
GfxDevice: creating device client; threaded=1
Direct3D:
    Version:  Direct3D 11.0 [level 11.1]
    Renderer: AMD Radeon RX 6300 (ID=0x7424)
    Vendor:   
    VRAM:     2003 MB
    Driver:   32.0.21013.1000
Begin MonoManager ReloadAssembly
- Completed reload, in  9.241 seconds
OnLevelWasLoaded was found on GameMap
This message has been deprecated and will be removed in a later version of Unity.
Add a delegate to SceneManager.sceneLoaded instead to get notifications after scene loading has completed

OnLevelWasLoaded was found on PlayMakerUnity2d
This message has been deprecated and will be removed in a later version of Unity.
Add a delegate to SceneManager.sceneLoaded instead to get notifications after scene loading has completed

D3D11 device created for Microsoft Media Foundation video decoding.
<RI> Initializing input.
XInput1_3.dll not found. Trying XInput9_1_0.dll instead...
<RI> Input initialized.
<RI> Initialized touch support.
UnloadTime: 19.403200 ms
Graphics tier changed to High

Steam initializing

Steam logged in as koda

Selected online subsystem SteamOnlineSubsystem

Discovered supported languages: DE, EN, ES, FR, IT, JA, KO, PT, RU, ZH

Loaded system language 'Portuguese'

Loaded system language code 'PT'

Restored language code 'PT'

Unloading 5 Unused Serialized files (Serialized files now loaded: 0)

Unloading 47 unused Assets to reduce memory usage. Loaded Objects now: 3814.
Total: 1.525100 ms (FindLiveObjects: 0.201000 ms CreateObjectMapping: 0.106300 ms MarkObjects: 1.193600 ms  DeleteObjects: 0.023600 ms)

Unloading 5 Unused Serialized files (Serialized files now loaded: 0)
Couldn't find a Game Manager, make sure one exists in the scene.

Couldn't find a Game Manager, make sure one exists in the scene.

Couldn't find a Game Manager, make sure one exists in the scene.

Steam stats received.

Didn't need to wait for PlayerPrefs load.

UnloadTime: 30.199000 ms
SaveSettings - ControllerNONE Saved ({"gamepadType":0,"jump":19,"attack":21,"dash":16,"cast":20,"superDash":15,"dreamNail":22,"quickMap":17,"quickCast":18})

Remapped GamepadType from SWITCH_PRO_CONTROLLER to SWITCH_JOYCON_DUAL

DontDestroyOnLoad only works for root GameObjects or components on root GameObjects.

Performing automatic level start.

Failed to retrieve achievement state for ENDING_A

Failed to retrieve achievement state for ENDING_B

Failed to retrieve achievement state for ENDING_C

Failed to retrieve achievement state for STEELSOUL

Game controller set to None.

Controller Type: Unknown

Unable to match controller of name (None), will attempt default mapping set.

Active Gamepad Type: XBOX_360

Game controller set to None.

Failed to retrieve achievement state for PROTECTED

Failed to retrieve achievement state for MASKED

Failed to retrieve achievement state for CHARMED

Failed to retrieve achievement state for ENCHANTED

Failed to retrieve achievement state for BLESSED

Failed to retrieve achievement state for SOULFUL

Failed to retrieve achievement state for WORLDSOUL

Failed to retrieve achievement state for FK_DEFEAT

Failed to retrieve achievement state for DREAM_FK

Failed to retrieve achievement state for HORNET_1

Failed to retrieve achievement state for HORNET_2

Failed to retrieve achievement state for SOUL_MASTER_DEFEAT

Failed to retrieve achievement state for DREAM_SOUL_MASTER_DEFEAT

Failed to retrieve achievement state for BROKEN_VESSEL

Failed to retrieve achievement state for DREAM_BROKEN_VESSEL

Failed to retrieve achievement state for DUNG_DEFENDER

Failed to retrieve achievement state for MANTIS_LORDS

Failed to retrieve achievement state for COLLECTOR

Failed to retrieve achievement state for ZOTE

Failed to retrieve achievement state for NEGLECT

Failed to retrieve achievement state for ATTUNEMENT

Failed to retrieve achievement state for AWAKENING

Failed to retrieve achievement state for ASCENSION

Failed to retrieve achievement state for GRUBFRIEND

Failed to retrieve achievement state for METAMORPHOSIS

Failed to retrieve achievement state for NAILSMITH_KILL

Failed to retrieve achievement state for NAILSMITH_SPARE

Failed to retrieve achievement state for QUIRREL_EPILOGUE

Failed to retrieve achievement state for MOURNER

Failed to retrieve achievement state for TRAITOR_LORD

Failed to retrieve achievement state for STAG_STATION_HALF

Failed to retrieve achievement state for STAG_STATION_ALL

Failed to retrieve achievement state for TEACHER

Failed to retrieve achievement state for WATCHER

Failed to retrieve achievement state for BEAST

Failed to retrieve achievement state for MAP

Failed to retrieve achievement state for COLOSSEUM_1

Failed to retrieve achievement state for COLOSSEUM_2

Failed to retrieve achievement state for COLOSSEUM_3

Failed to retrieve achievement state for ENDING_A

Failed to retrieve achievement state for ENDING_B

Failed to retrieve achievement state for ENDING_C

Failed to retrieve achievement state for VOID

Failed to retrieve achievement state for SPEEDRUN_1

Failed to retrieve achievement state for SPEEDRUN_2

Failed to retrieve achievement state for COMPLETION

Failed to retrieve achievement state for SPEED_COMPLETION

Failed to retrieve achievement state for STEELSOUL

Failed to retrieve achievement state for STEELSOUL_COMPLETION

Failed to retrieve achievement state for HUNTER_1

Failed to retrieve achievement state for HUNTER_2

Failed to retrieve achievement state for MR_MUSHROOM

Failed to retrieve achievement state for WHITE_DEFENDER

Failed to retrieve achievement state for GREY_PRINCE

Failed to retrieve achievement state for GRIMM

Failed to retrieve achievement state for NIGHTMARE_GRIMM

Failed to retrieve achievement state for BANISHMENT

Failed to retrieve achievement state for PANTHEON1

Failed to retrieve achievement state for PANTHEON2

Failed to retrieve achievement state for PANTHEON3

Failed to retrieve achievement state for PANTHEON4

Failed to retrieve achievement state for ENDINGD

Failed to retrieve achievement state for COMPLETIONGG


Unloading 390 unused Assets to reduce memory usage. Loaded Objects now: 46175.
Total: 101.194500 ms (FindLiveObjects: 3.095900 ms CreateObjectMapping: 2.197400 ms MarkObjects: 95.625400 ms  DeleteObjects: 0.275200 ms)

Setting up 10 worker threads for Enlighten.
  Thread -> id: b50 -> priority: 1 
  Thread -> id: 1c0c -> priority: 1 
  Thread -> id: 1424 -> priority: 1 
  Thread -> id: 1134 -> priority: 1 
  Thread -> id: 3f20 -> priority: 1 
  Thread -> id: 3f40 -> priority: 1 
  Thread -> id: 4a0c -> priority: 1 
  Thread -> id: 4b98 -> priority: 1 
  Thread -> id: 4250 -> priority: 1 
  Thread -> id: f54 -> priority: 1 
Shutting down Steam API.

